RAM Allocation [bytes]
Variable                                                                          Address   Size
------------------------------------------------------------------------------------------------
buff                                                                              0x0160      33
a                                                                                 0x0181       1
count_btn                                                                         0x0182       2
isChildSelect                                                                     0x0184       1
isTestTombol                                                                      0x0185       1
sen                                                                               0x0186       7
sensor                                                                            0x018D       2
error                                                                             0x018F       2
lastError                                                                         0x0191       2
kp                                                                                0x0193       2
kd                                                                                0x0195       2
SPEED                                                                             0x0197       2
MIN_SPEED                                                                         0x0199       2
MAX_SPEED                                                                         0x019B       2
count                                                                             0x019D       2
second                                                                            0x019F       2
maxHijau                                                                          0x01A1       2
maxKuning                                                                         0x01A3       2
maxMerah                                                                          0x01A5       2
minHijau                                                                          0x01A7       2
minKuning                                                                         0x01A9       2
minMerah                                                                          0x01AB       2
isWarna                                                                           0x01AD       2
_seed (stdlib.lib)                                                                0x01AF       4
_base_y (lcd.lib)                                                                 0x01B3       4
_lcd_x                                                                            0x01B7       1
_lcd_y                                                                            0x01B8       1
_lcd_maxx                                                                         0x01B9       1

EEPROM Allocation [bytes]
Variable                                                                          Address   Size
------------------------------------------------------------------------------------------------
garis                                                                             0x0000      14
back                                                                              0x000E      14
tengah                                                                            0x001C      14
mapMirror                                                                         0x002A       2
pointPos                                                                          0x002C       1
ringPos                                                                           0x002D       2

Register Allocation
Variable                                                                          Register  Size
------------------------------------------------------------------------------------------------
hitung                                                                            R4,R5        2
nadc7                                                                             R6,R7        2
i                                                                                 R8,R9        2
k                                                                                 R10,R11      2
pos_servo1                                                                        R13          1
pos_servo2                                                                        R12          1

FLASH Allocation [words]
Function                                                                          Address   Size
------------------------------------------------------------------------------------------------
read_adc                                                                          0x0018B     11
delay                                                                             0x00196      7
konvert_logic                                                                     0x0019D     32
logika                                                                            0x001BD     42
cek_sensor                                                                        0x001E7      3
display_sensor                                                                    0x001EA     45
scan_garis                                                                        0x00217     34
scan_back                                                                         0x00239     34
hit_tengah                                                                        0x0025B     64
maju                                                                              0x0029B      7
mundur                                                                            0x002A2      7
kanan                                                                             0x002A9      7
kiri                                                                              0x002B0      7
setMotor                                                                          0x002B7     33
rem                                                                               0x002D8     13
maju_delay                                                                        0x002E5      9
pilihSpeed                                                                        0x002EE     53
scan                                                                              0x00323    219
scanX                                                                             0x003FE     36
scanKotak                                                                         0x00422     36
belki                                                                             0x00446     33
belka                                                                             0x00467     33
belokKanan                                                                        0x00488     11
belokKiri                                                                         0x00493     12
ambil                                                                             0x0049F     12
bawah_lepas                                                                       0x004AB      5
bacawarna                                                                         0x004B0     23
Program_Jalan                                                                     0x004C7    217
fromReloadToA                                                                     0x005A0      3
fromReloadToB                                                                     0x005A3     11
fromReloadToZ                                                                     0x005AE     18
fromAToReload                                                                     0x005C0      3
fromBToReload                                                                     0x005C3      7
changeMenu                                                                        0x005CA    175
runBot                                                                            0x00679     35
calibration                                                                       0x0069C      8
map_select                                                                        0x006A4     22
test_motor                                                                        0x006BA     44
test_tombol                                                                       0x006E6     54
sens_warna                                                                        0x0071C     42
test_capit                                                                        0x00746     49
display_map                                                                       0x00777     21
display_checkpoint                                                                0x0078C     65
timer0_ovf_isr                                                                    0x007CD     30
timer0_comp_isr                                                                   0x007EB      1
main                                                                              0x007EC    267
put_buff_G100                                                                     0x008F7     58
_print_G100                                                                       0x00931    316
sprintf                                                                           0x00A6D     60
strlen                                                                            0x00AA9     12
strlenf                                                                           0x00AB5     13
abs                                                                               0x00AC2     10
_lcd_delay_G103                                                                   0x00ACC      4
_lcd_ready                                                                        0x00AD0     17
_lcd_write_nibble_G103                                                            0x00AE1     10
_lcd_write_data                                                                   0x00AEB     15
_lcd_read_nibble_G103                                                             0x00AFA      9
lcd_read_byte0_G103                                                               0x00B03      9
lcd_gotoxy                                                                        0x00B0C     20
lcd_clear                                                                         0x00B20     21
lcd_putchar                                                                       0x00B35     39
lcd_puts                                                                          0x00B5C     15
lcd_putsf                                                                         0x00B6B     19
_long_delay_G103                                                                  0x00B7E      5
_lcd_init_write_G103                                                              0x00B83     12
lcd_init                                                                          0x00B8F     52
