RAM Allocation [bytes]
Variable                                                                          Address   Size
------------------------------------------------------------------------------------------------
buff                                                                              0x0160      33
a                                                                                 0x0181       1
count_btn                                                                         0x0182       2
isChildSelect                                                                     0x0184       1
isTestTombol                                                                      0x0185       1
sen                                                                               0x0186       7
sensor                                                                            0x018D       2
error                                                                             0x018F       2
lastError                                                                         0x0191       2
kp                                                                                0x0193       2
kd                                                                                0x0195       2
SPEED                                                                             0x0197       2
MIN_SPEED                                                                         0x0199       2
MAX_SPEED                                                                         0x019B       2
count                                                                             0x019D       2
second                                                                            0x019F       2
maxHijau                                                                          0x01A1       2
maxKuning                                                                         0x01A3       2
maxMerah                                                                          0x01A5       2
minHijau                                                                          0x01A7       2
minKuning                                                                         0x01A9       2
minMerah                                                                          0x01AB       2
_seed (stdlib.lib)                                                                0x01AD       4
_base_y (lcd.lib)                                                                 0x01B1       4
_lcd_x                                                                            0x01B5       1
_lcd_y                                                                            0x01B6       1
_lcd_maxx                                                                         0x01B7       1

EEPROM Allocation [bytes]
Variable                                                                          Address   Size
------------------------------------------------------------------------------------------------
garis                                                                             0x0000      14
back                                                                              0x000E      14
tengah                                                                            0x001C      14
mapMirror                                                                         0x002A       2

Register Allocation
Variable                                                                          Register  Size
------------------------------------------------------------------------------------------------
hitung                                                                            R4,R5        2
nadc7                                                                             R6,R7        2
i                                                                                 R8,R9        2
k                                                                                 R10,R11      2
pos_servo1                                                                        R13          1
pos_servo2                                                                        R12          1

FLASH Allocation [words]
Function                                                                          Address   Size
------------------------------------------------------------------------------------------------
read_adc                                                                          0x0018A     11
delay                                                                             0x00195      7
konvert_logic                                                                     0x0019C     32
logika                                                                            0x001BC     42
cek_sensor                                                                        0x001E6      3
display_sensor                                                                    0x001E9     43
scan_garis                                                                        0x00214     32
scan_back                                                                         0x00234     32
hit_tengah                                                                        0x00254     75
maju                                                                              0x0029F      7
kanan                                                                             0x002A6      7
kiri                                                                              0x002AD      7
setMotor                                                                          0x002B4     33
rem                                                                               0x002D5     13
maju_delay                                                                        0x002E2      9
pilihSpeed                                                                        0x002EB     54
scan                                                                              0x00321    219
scanX                                                                             0x003FC     36
belki                                                                             0x00420     33
belka                                                                             0x00441     33
belokKanan                                                                        0x00462     15
ambil                                                                             0x00471     12
bawah_lepas                                                                       0x0047D      5
bacawarna                                                                         0x00482     17
Program_Jalan                                                                     0x00493     21
changeMenu                                                                        0x004A8    175
runBot                                                                            0x00557     35
calibration                                                                       0x0057A      8
map_select                                                                        0x00582     22
test_motor                                                                        0x00598     48
test_tombol                                                                       0x005C8     54
sens_warna                                                                        0x005FE     42
test_capit                                                                        0x00628     49
display_map                                                                       0x00659     25
timer0_ovf_isr                                                                    0x00672     30
timer0_comp_isr                                                                   0x00690      1
main                                                                              0x00691    152
put_buff_G100                                                                     0x00729     58
_print_G100                                                                       0x00763    316
sprintf                                                                           0x0089F     60
strlen                                                                            0x008DB     12
strlenf                                                                           0x008E7     13
abs                                                                               0x008F4     10
_lcd_delay_G103                                                                   0x008FE      4
_lcd_ready                                                                        0x00902     17
_lcd_write_nibble_G103                                                            0x00913     10
_lcd_write_data                                                                   0x0091D     15
_lcd_read_nibble_G103                                                             0x0092C      9
lcd_read_byte0_G103                                                               0x00935      9
lcd_gotoxy                                                                        0x0093E     20
lcd_clear                                                                         0x00952     21
lcd_putchar                                                                       0x00967     39
lcd_puts                                                                          0x0098E     15
lcd_putsf                                                                         0x0099D     19
_long_delay_G103                                                                  0x009B0      5
_lcd_init_write_G103                                                              0x009B5     12
lcd_init                                                                          0x009C1     52
